class File

class File+http://www.w3.org/TR/2003/PR-owl-guide-20031209/wine#wine
    static member Individuals: File+http://www.w3.org/TR/2003/PR-owl-guide-20031209/wine#wine+http://www.w3.org/TR/2003/PR-owl-guide-20031209/wine#wine(Individual) list with get
    FSharpExpr.NewObject((Microsoft.FSharp.Collections.FSharpList`1[LinkedData.File\,"\\\\psf\\Home\\code\\OWLTypeProvider\\OWLTypeProvider.DesignTime\\wine.ttl"\,"http://www.w3.org/TR/2003/PR-owl-guide-20031209/wine#wine"\,""+http://www.w3.org/TR/2003/PR-owl-guide-20031209/wine#wine+http://www.w3.org/TR/2003/PR-owl-guide-20031209/wine#wine(Individual)] :> Type).GetConstructor([| |]), _ list.get_Empty())

    static member Uri: Owl.Uri [DESIGNTIME] with get
    Uri [DESIGNTIME].NewUri("http://www.w3.org/TR/2003/PR-owl-guide-20031209/wine#wine")


class File+http://www.w3.org/TR/2003/PR-owl-guide-20031209/wine#wine+DataProperties

class File+http://www.w3.org/TR/2003/PR-owl-guide-20031209/wine#wine+InRangeOf

class File+http://www.w3.org/TR/2003/PR-owl-guide-20031209/wine#wine+ObjectProperties

class File+http://www.w3.org/TR/2003/PR-owl-guide-20031209/wine#wine
    static member Individuals: File+http://www.w3.org/TR/2003/PR-owl-guide-20031209/wine#wine+http://www.w3.org/TR/2003/PR-owl-guide-20031209/wine#wine(Individual) list with get
    FSharpExpr.NewObject((Microsoft.FSharp.Collections.FSharpList`1[LinkedData.File\,"\\\\psf\\Home\\code\\OWLTypeProvider\\OWLTypeProvider.DesignTime\\wine.ttl"\,"http://www.w3.org/TR/2003/PR-owl-guide-20031209/wine#wine"\,""+http://www.w3.org/TR/2003/PR-owl-guide-20031209/wine#wine+http://www.w3.org/TR/2003/PR-owl-guide-20031209/wine#wine(Individual)] :> Type).GetConstructor([| |]), _ list.get_Empty())

    static member Uri: Owl.Uri [DESIGNTIME] with get
    Uri [DESIGNTIME].NewUri("http://www.w3.org/TR/2003/PR-owl-guide-20031209/wine#wine")


class File+http://www.w3.org/TR/2003/PR-owl-guide-20031209/wine#wine+http://www.w3.org/TR/2003/PR-owl-guide-20031209/wine#wine(Individual) : Query [DESIGNTIME]+Individual [DESIGNTIME]

class File+http://www.w3.org/TR/2003/PR-owl-guide-20031209/wine#wine+http://www.w3.org/TR/2003/PR-owl-guide-20031209/wine#wine(Individual) : Query [DESIGNTIME]+Individual [DESIGNTIME]

class File+http://www.w3.org/TR/2003/PR-owl-guide-20031209/wine#wine+DataProperties

class File+http://www.w3.org/TR/2003/PR-owl-guide-20031209/wine#wine+DataProperties

class File+http://www.w3.org/TR/2003/PR-owl-guide-20031209/wine#wine+InRangeOf

class File+http://www.w3.org/TR/2003/PR-owl-guide-20031209/wine#wine+InRangeOf

class File+http://www.w3.org/TR/2003/PR-owl-guide-20031209/wine#wine+ObjectProperties

class File+http://www.w3.org/TR/2003/PR-owl-guide-20031209/wine#wine+ObjectProperties

class File+http://www.w3.org/TR/2003/PR-owl-guide-20031209/wine#wine+http://www.w3.org/TR/2003/PR-owl-guide-20031209/wine#wine(Individual) : Query [DESIGNTIME]+Individual [DESIGNTIME]

